Archive member included to satisfy reference by file (symbol)

c:/program files (x86)/atmel/studio/7.0/toolchain/avr8/avr8-gnu-toolchain/bin/../lib/gcc/avr/5.4.0/../../../../avr/lib/avr5\libm.a(floatsisf.o)
                              HAL/TC72_Temp_sensor/TC72.o (__floatunsisf)
c:/program files (x86)/atmel/studio/7.0/toolchain/avr8/avr8-gnu-toolchain/bin/../lib/gcc/avr/5.4.0/avr5\libgcc.a(_exit.o)
                              C:/Program Files (x86)/Atmel/Studio/7.0/Packs/atmel/ATmega_DFP/1.2.209/gcc/dev/atmega32a/avr5/crtatmega32a.o (exit)
c:/program files (x86)/atmel/studio/7.0/toolchain/avr8/avr8-gnu-toolchain/bin/../lib/gcc/avr/5.4.0/avr5\libgcc.a(_copy_data.o)
                              HAL/KeyPad/KeyPad.o (__do_copy_data)

Discarded input sections

 .data          0x00000000        0x0 C:/Program Files (x86)/Atmel/Studio/7.0/Packs/atmel/ATmega_DFP/1.2.209/gcc/dev/atmega32a/avr5/crtatmega32a.o
 .bss           0x00000000        0x0 C:/Program Files (x86)/Atmel/Studio/7.0/Packs/atmel/ATmega_DFP/1.2.209/gcc/dev/atmega32a/avr5/crtatmega32a.o
 .text          0x00000000        0x0 HAL/KeyPad/KeyPad.o
 .data          0x00000000        0x0 HAL/KeyPad/KeyPad.o
 .bss           0x00000000        0x0 HAL/KeyPad/KeyPad.o
 .text.initialize_KeyPad
                0x00000000       0x3a HAL/KeyPad/KeyPad.o
 .text.pressed_Key
                0x00000000       0xc0 HAL/KeyPad/KeyPad.o
 .rodata.str1.1
                0x00000000       0x27 HAL/KeyPad/KeyPad.o
 .rodata        0x00000000       0x18 HAL/KeyPad/KeyPad.o
 .text.test_KeyPad_Lcd
                0x00000000       0x90 HAL/KeyPad/KeyPad.o
 .debug_info    0x00000000      0x385 HAL/KeyPad/KeyPad.o
 .debug_abbrev  0x00000000      0x156 HAL/KeyPad/KeyPad.o
 .debug_loc     0x00000000      0x207 HAL/KeyPad/KeyPad.o
 .debug_aranges
                0x00000000       0x30 HAL/KeyPad/KeyPad.o
 .debug_ranges  0x00000000       0x20 HAL/KeyPad/KeyPad.o
 .debug_line    0x00000000      0x166 HAL/KeyPad/KeyPad.o
 .debug_str     0x00000000      0x29e HAL/KeyPad/KeyPad.o
 .comment       0x00000000       0x31 HAL/KeyPad/KeyPad.o
 .debug_frame   0x00000000       0xc0 HAL/KeyPad/KeyPad.o
 .text          0x00000000        0x0 HAL/KeyPad/KeyPad_Cfg.o
 .data          0x00000000        0x0 HAL/KeyPad/KeyPad_Cfg.o
 .bss           0x00000000        0x0 HAL/KeyPad/KeyPad_Cfg.o
 .rodata.KeyPad_ConfigParam
                0x00000000        0x9 HAL/KeyPad/KeyPad_Cfg.o
 .debug_info    0x00000000       0xeb HAL/KeyPad/KeyPad_Cfg.o
 .debug_abbrev  0x00000000       0x79 HAL/KeyPad/KeyPad_Cfg.o
 .debug_aranges
                0x00000000       0x18 HAL/KeyPad/KeyPad_Cfg.o
 .debug_line    0x00000000       0x59 HAL/KeyPad/KeyPad_Cfg.o
 .debug_str     0x00000000      0x1e4 HAL/KeyPad/KeyPad_Cfg.o
 .comment       0x00000000       0x31 HAL/KeyPad/KeyPad_Cfg.o
 .text          0x00000000        0x0 HAL/LCD/LCD.o
 .data          0x00000000        0x0 HAL/LCD/LCD.o
 .bss           0x00000000        0x0 HAL/LCD/LCD.o
 .text.LCD_Read_Operation
                0x00000000       0x10 HAL/LCD/LCD.o
 .text.LCD_NewLine
                0x00000000        0x8 HAL/LCD/LCD.o
 .text.LCD_Custom_Char
                0x00000000       0x36 HAL/LCD/LCD.o
 .rodata.str1.1
                0x00000000        0xd HAL/LCD/LCD.o
 .rodata        0x00000000        0x8 HAL/LCD/LCD.o
 .text.test_LCD
                0x00000000       0xac HAL/LCD/LCD.o
 .text          0x00000000        0x0 HAL/LCD/LCD_Cfg.o
 .data          0x00000000        0x0 HAL/LCD/LCD_Cfg.o
 .bss           0x00000000        0x0 HAL/LCD/LCD_Cfg.o
 .text          0x00000000        0x0 HAL/TC72_Temp_sensor/TC72.o
 .data          0x00000000        0x0 HAL/TC72_Temp_sensor/TC72.o
 .bss           0x00000000        0x0 HAL/TC72_Temp_sensor/TC72.o
 .text.TC72_Init
                0x00000000       0x30 HAL/TC72_Temp_sensor/TC72.o
 .text.TC72_ReadTemperature
                0x00000000       0x3e HAL/TC72_Temp_sensor/TC72.o
 .debug_info    0x00000000      0x28a HAL/TC72_Temp_sensor/TC72.o
 .debug_abbrev  0x00000000      0x145 HAL/TC72_Temp_sensor/TC72.o
 .debug_loc     0x00000000       0xb2 HAL/TC72_Temp_sensor/TC72.o
 .debug_aranges
                0x00000000       0x28 HAL/TC72_Temp_sensor/TC72.o
 .debug_ranges  0x00000000       0x18 HAL/TC72_Temp_sensor/TC72.o
 .debug_line    0x00000000      0x1c3 HAL/TC72_Temp_sensor/TC72.o
 .debug_str     0x00000000      0x267 HAL/TC72_Temp_sensor/TC72.o
 .comment       0x00000000       0x31 HAL/TC72_Temp_sensor/TC72.o
 .debug_frame   0x00000000       0x3c HAL/TC72_Temp_sensor/TC72.o
 .text          0x00000000        0x0 main.o
 .data          0x00000000        0x0 main.o
 .bss           0x00000000        0x0 main.o
 .text          0x00000000        0x0 Manager/LCDManager/LCD_Manager.o
 .data          0x00000000        0x0 Manager/LCDManager/LCD_Manager.o
 .bss           0x00000000        0x0 Manager/LCDManager/LCD_Manager.o
 .text.write_State
                0x00000000       0x2c Manager/LCDManager/LCD_Manager.o
 .text.write_CRT_Temp
                0x00000000       0x66 Manager/LCDManager/LCD_Manager.o
 .data.States   0x00000000        0x8 Manager/LCDManager/LCD_Manager.o
 .text          0x00000000        0x0 MCAL/DIO/DIO.o
 .data          0x00000000        0x0 MCAL/DIO/DIO.o
 .bss           0x00000000        0x0 MCAL/DIO/DIO.o
 .text.DIO_ChannelDir
                0x00000000       0x40 MCAL/DIO/DIO.o
 .text.DIO_ChannelRead
                0x00000000       0x42 MCAL/DIO/DIO.o
 .text.DIO_PortDir
                0x00000000       0x1c MCAL/DIO/DIO.o
 .text.DIO_PortWrite
                0x00000000       0x1a MCAL/DIO/DIO.o
 .text.DIO_PortRead
                0x00000000       0x20 MCAL/DIO/DIO.o
 .text          0x00000000        0x0 MCAL/DIO/DIO_Cfg.o
 .data          0x00000000        0x0 MCAL/DIO/DIO_Cfg.o
 .bss           0x00000000        0x0 MCAL/DIO/DIO_Cfg.o
 .text          0x00000000        0x0 MCAL/SPI/SPI.o
 .data          0x00000000        0x0 MCAL/SPI/SPI.o
 .bss           0x00000000        0x0 MCAL/SPI/SPI.o
 .text.SPI_InitMaster
                0x00000000       0x52 MCAL/SPI/SPI.o
 .text.SPI_SendByte
                0x00000000        0x8 MCAL/SPI/SPI.o
 .text.SPI_RecieveByte
                0x00000000        0x8 MCAL/SPI/SPI.o
 .debug_info    0x00000000      0x18c MCAL/SPI/SPI.o
 .debug_abbrev  0x00000000       0xdb MCAL/SPI/SPI.o
 .debug_loc     0x00000000       0x87 MCAL/SPI/SPI.o
 .debug_aranges
                0x00000000       0x30 MCAL/SPI/SPI.o
 .debug_ranges  0x00000000       0x20 MCAL/SPI/SPI.o
 .debug_line    0x00000000      0x181 MCAL/SPI/SPI.o
 .debug_str     0x00000000      0x1ed MCAL/SPI/SPI.o
 .comment       0x00000000       0x31 MCAL/SPI/SPI.o
 .debug_frame   0x00000000       0x50 MCAL/SPI/SPI.o
 .text          0x00000000        0x0 c:/program files (x86)/atmel/studio/7.0/toolchain/avr8/avr8-gnu-toolchain/bin/../lib/gcc/avr/5.4.0/../../../../avr/lib/avr5\libm.a(floatsisf.o)
 .data          0x00000000        0x0 c:/program files (x86)/atmel/studio/7.0/toolchain/avr8/avr8-gnu-toolchain/bin/../lib/gcc/avr/5.4.0/../../../../avr/lib/avr5\libm.a(floatsisf.o)
 .bss           0x00000000        0x0 c:/program files (x86)/atmel/studio/7.0/toolchain/avr8/avr8-gnu-toolchain/bin/../lib/gcc/avr/5.4.0/../../../../avr/lib/avr5\libm.a(floatsisf.o)
 .text.avr-libc.fplib
                0x00000000       0x7a c:/program files (x86)/atmel/studio/7.0/toolchain/avr8/avr8-gnu-toolchain/bin/../lib/gcc/avr/5.4.0/../../../../avr/lib/avr5\libm.a(floatsisf.o)
 .text          0x00000000        0x0 c:/program files (x86)/atmel/studio/7.0/toolchain/avr8/avr8-gnu-toolchain/bin/../lib/gcc/avr/5.4.0/avr5\libgcc.a(_exit.o)
 .data          0x00000000        0x0 c:/program files (x86)/atmel/studio/7.0/toolchain/avr8/avr8-gnu-toolchain/bin/../lib/gcc/avr/5.4.0/avr5\libgcc.a(_exit.o)
 .bss           0x00000000        0x0 c:/program files (x86)/atmel/studio/7.0/toolchain/avr8/avr8-gnu-toolchain/bin/../lib/gcc/avr/5.4.0/avr5\libgcc.a(_exit.o)
 .text.libgcc.mul
                0x00000000        0x0 c:/program files (x86)/atmel/studio/7.0/toolchain/avr8/avr8-gnu-toolchain/bin/../lib/gcc/avr/5.4.0/avr5\libgcc.a(_exit.o)
 .text.libgcc.div
                0x00000000        0x0 c:/program files (x86)/atmel/studio/7.0/toolchain/avr8/avr8-gnu-toolchain/bin/../lib/gcc/avr/5.4.0/avr5\libgcc.a(_exit.o)
 .text.libgcc   0x00000000        0x0 c:/program files (x86)/atmel/studio/7.0/toolchain/avr8/avr8-gnu-toolchain/bin/../lib/gcc/avr/5.4.0/avr5\libgcc.a(_exit.o)
 .text.libgcc.prologue
                0x00000000        0x0 c:/program files (x86)/atmel/studio/7.0/toolchain/avr8/avr8-gnu-toolchain/bin/../lib/gcc/avr/5.4.0/avr5\libgcc.a(_exit.o)
 .text.libgcc.builtins
                0x00000000        0x0 c:/program files (x86)/atmel/studio/7.0/toolchain/avr8/avr8-gnu-toolchain/bin/../lib/gcc/avr/5.4.0/avr5\libgcc.a(_exit.o)
 .text.libgcc.fmul
                0x00000000        0x0 c:/program files (x86)/atmel/studio/7.0/toolchain/avr8/avr8-gnu-toolchain/bin/../lib/gcc/avr/5.4.0/avr5\libgcc.a(_exit.o)
 .text.libgcc.fixed
                0x00000000        0x0 c:/program files (x86)/atmel/studio/7.0/toolchain/avr8/avr8-gnu-toolchain/bin/../lib/gcc/avr/5.4.0/avr5\libgcc.a(_exit.o)
 .text          0x00000000        0x0 c:/program files (x86)/atmel/studio/7.0/toolchain/avr8/avr8-gnu-toolchain/bin/../lib/gcc/avr/5.4.0/avr5\libgcc.a(_copy_data.o)
 .data          0x00000000        0x0 c:/program files (x86)/atmel/studio/7.0/toolchain/avr8/avr8-gnu-toolchain/bin/../lib/gcc/avr/5.4.0/avr5\libgcc.a(_copy_data.o)
 .bss           0x00000000        0x0 c:/program files (x86)/atmel/studio/7.0/toolchain/avr8/avr8-gnu-toolchain/bin/../lib/gcc/avr/5.4.0/avr5\libgcc.a(_copy_data.o)
 .text.libgcc.mul
                0x00000000        0x0 c:/program files (x86)/atmel/studio/7.0/toolchain/avr8/avr8-gnu-toolchain/bin/../lib/gcc/avr/5.4.0/avr5\libgcc.a(_copy_data.o)
 .text.libgcc.div
                0x00000000        0x0 c:/program files (x86)/atmel/studio/7.0/toolchain/avr8/avr8-gnu-toolchain/bin/../lib/gcc/avr/5.4.0/avr5\libgcc.a(_copy_data.o)
 .text.libgcc   0x00000000        0x0 c:/program files (x86)/atmel/studio/7.0/toolchain/avr8/avr8-gnu-toolchain/bin/../lib/gcc/avr/5.4.0/avr5\libgcc.a(_copy_data.o)
 .text.libgcc.prologue
                0x00000000        0x0 c:/program files (x86)/atmel/studio/7.0/toolchain/avr8/avr8-gnu-toolchain/bin/../lib/gcc/avr/5.4.0/avr5\libgcc.a(_copy_data.o)
 .text.libgcc.builtins
                0x00000000        0x0 c:/program files (x86)/atmel/studio/7.0/toolchain/avr8/avr8-gnu-toolchain/bin/../lib/gcc/avr/5.4.0/avr5\libgcc.a(_copy_data.o)
 .text.libgcc.fmul
                0x00000000        0x0 c:/program files (x86)/atmel/studio/7.0/toolchain/avr8/avr8-gnu-toolchain/bin/../lib/gcc/avr/5.4.0/avr5\libgcc.a(_copy_data.o)
 .text.libgcc.fixed
                0x00000000        0x0 c:/program files (x86)/atmel/studio/7.0/toolchain/avr8/avr8-gnu-toolchain/bin/../lib/gcc/avr/5.4.0/avr5\libgcc.a(_copy_data.o)

Memory Configuration

Name             Origin             Length             Attributes
text             0x00000000         0x00020000         xr
data             0x00800060         0x0000ffa0         rw !x
eeprom           0x00810000         0x00010000         rw !x
fuse             0x00820000         0x00000002         rw !x
lock             0x00830000         0x00000400         rw !x
signature        0x00840000         0x00000400         rw !x
user_signatures  0x00850000         0x00000400         rw !x
*default*        0x00000000         0xffffffff

Linker script and memory map

LOAD C:/Program Files (x86)/Atmel/Studio/7.0/Packs/atmel/ATmega_DFP/1.2.209/gcc/dev/atmega32a/avr5/crtatmega32a.o
LOAD HAL/KeyPad/KeyPad.o
LOAD HAL/KeyPad/KeyPad_Cfg.o
LOAD HAL/LCD/LCD.o
LOAD HAL/LCD/LCD_Cfg.o
LOAD HAL/TC72_Temp_sensor/TC72.o
LOAD main.o
LOAD Manager/LCDManager/LCD_Manager.o
LOAD MCAL/DIO/DIO.o
LOAD MCAL/DIO/DIO_Cfg.o
LOAD MCAL/SPI/SPI.o
START GROUP
LOAD c:/program files (x86)/atmel/studio/7.0/toolchain/avr8/avr8-gnu-toolchain/bin/../lib/gcc/avr/5.4.0/../../../../avr/lib/avr5\libm.a
END GROUP
START GROUP
LOAD c:/program files (x86)/atmel/studio/7.0/toolchain/avr8/avr8-gnu-toolchain/bin/../lib/gcc/avr/5.4.0/avr5\libgcc.a
LOAD c:/program files (x86)/atmel/studio/7.0/toolchain/avr8/avr8-gnu-toolchain/bin/../lib/gcc/avr/5.4.0/../../../../avr/lib/avr5\libm.a
LOAD c:/program files (x86)/atmel/studio/7.0/toolchain/avr8/avr8-gnu-toolchain/bin/../lib/gcc/avr/5.4.0/../../../../avr/lib/avr5\libc.a
LOAD C:/Program Files (x86)/Atmel/Studio/7.0/Packs/atmel/ATmega_DFP/1.2.209/gcc/dev/atmega32a/avr5\libatmega32a.a
END GROUP
                0x00000000                __TEXT_REGION_ORIGIN__ = DEFINED (__TEXT_REGION_ORIGIN__)?__TEXT_REGION_ORIGIN__:0x0
                0x00800060                __DATA_REGION_ORIGIN__ = DEFINED (__DATA_REGION_ORIGIN__)?__DATA_REGION_ORIGIN__:0x800060
                0x00020000                __TEXT_REGION_LENGTH__ = DEFINED (__TEXT_REGION_LENGTH__)?__TEXT_REGION_LENGTH__:0x20000
                0x0000ffa0                __DATA_REGION_LENGTH__ = DEFINED (__DATA_REGION_LENGTH__)?__DATA_REGION_LENGTH__:0xffa0
                0x00010000                __EEPROM_REGION_LENGTH__ = DEFINED (__EEPROM_REGION_LENGTH__)?__EEPROM_REGION_LENGTH__:0x10000
                [0x00000002]                __FUSE_REGION_LENGTH__ = DEFINED (__FUSE_REGION_LENGTH__)?__FUSE_REGION_LENGTH__:0x400
                0x00000400                __LOCK_REGION_LENGTH__ = DEFINED (__LOCK_REGION_LENGTH__)?__LOCK_REGION_LENGTH__:0x400
                0x00000400                __SIGNATURE_REGION_LENGTH__ = DEFINED (__SIGNATURE_REGION_LENGTH__)?__SIGNATURE_REGION_LENGTH__:0x400
                0x00000400                __USER_SIGNATURE_REGION_LENGTH__ = DEFINED (__USER_SIGNATURE_REGION_LENGTH__)?__USER_SIGNATURE_REGION_LENGTH__:0x400

.hash
 *(.hash)

.dynsym
 *(.dynsym)

.dynstr
 *(.dynstr)

.gnu.version
 *(.gnu.version)

.gnu.version_d
 *(.gnu.version_d)

.gnu.version_r
 *(.gnu.version_r)

.rel.init
 *(.rel.init)

.rela.init
 *(.rela.init)

.rel.text
 *(.rel.text)
 *(.rel.text.*)
 *(.rel.gnu.linkonce.t*)

.rela.text
 *(.rela.text)
 *(.rela.text.*)
 *(.rela.gnu.linkonce.t*)

.rel.fini
 *(.rel.fini)

.rela.fini
 *(.rela.fini)

.rel.rodata
 *(.rel.rodata)
 *(.rel.rodata.*)
 *(.rel.gnu.linkonce.r*)

.rela.rodata
 *(.rela.rodata)
 *(.rela.rodata.*)
 *(.rela.gnu.linkonce.r*)

.rel.data
 *(.rel.data)
 *(.rel.data.*)
 *(.rel.gnu.linkonce.d*)

.rela.data
 *(.rela.data)
 *(.rela.data.*)
 *(.rela.gnu.linkonce.d*)

.rel.ctors
 *(.rel.ctors)

.rela.ctors
 *(.rela.ctors)

.rel.dtors
 *(.rel.dtors)

.rela.dtors
 *(.rela.dtors)

.rel.got
 *(.rel.got)

.rela.got
 *(.rela.got)

.rel.bss
 *(.rel.bss)

.rela.bss
 *(.rela.bss)

.rel.plt
 *(.rel.plt)

.rela.plt
 *(.rela.plt)

.text           0x00000000      0x492
 *(.vectors)
 .vectors       0x00000000       0x54 C:/Program Files (x86)/Atmel/Studio/7.0/Packs/atmel/ATmega_DFP/1.2.209/gcc/dev/atmega32a/avr5/crtatmega32a.o
                0x00000000                __vector_default
                0x00000000                __vectors
 *(.vectors)
 *(.progmem.gcc*)
                0x00000054                . = ALIGN (0x2)
                0x00000054                __trampolines_start = .
 *(.trampolines)
 .trampolines   0x00000054        0x0 linker stubs
 *(.trampolines*)
                0x00000054                __trampolines_end = .
 *libprintf_flt.a:*(.progmem.data)
 *libc.a:*(.progmem.data)
 *(.progmem*)
                0x00000054                . = ALIGN (0x2)
 *(.jumptables)
 *(.jumptables*)
 *(.lowtext)
 *(.lowtext*)
                0x00000054                __ctors_start = .
 *(.ctors)
                0x00000054                __ctors_end = .
                0x00000054                __dtors_start = .
 *(.dtors)
                0x00000054                __dtors_end = .
 SORT(*)(.ctors)
 SORT(*)(.dtors)
 *(.init0)
 .init0         0x00000054        0x0 C:/Program Files (x86)/Atmel/Studio/7.0/Packs/atmel/ATmega_DFP/1.2.209/gcc/dev/atmega32a/avr5/crtatmega32a.o
                0x00000054                __init
 *(.init0)
 *(.init1)
 *(.init1)
 *(.init2)
 .init2         0x00000054        0xc C:/Program Files (x86)/Atmel/Studio/7.0/Packs/atmel/ATmega_DFP/1.2.209/gcc/dev/atmega32a/avr5/crtatmega32a.o
 *(.init2)
 *(.init3)
 *(.init3)
 *(.init4)
 .init4         0x00000060       0x16 c:/program files (x86)/atmel/studio/7.0/toolchain/avr8/avr8-gnu-toolchain/bin/../lib/gcc/avr/5.4.0/avr5\libgcc.a(_copy_data.o)
                0x00000060                __do_copy_data
 *(.init4)
 *(.init5)
 *(.init5)
 *(.init6)
 *(.init6)
 *(.init7)
 *(.init7)
 *(.init8)
 *(.init8)
 *(.init9)
 .init9         0x00000076        0x8 C:/Program Files (x86)/Atmel/Studio/7.0/Packs/atmel/ATmega_DFP/1.2.209/gcc/dev/atmega32a/avr5/crtatmega32a.o
 *(.init9)
 *(.text)
 .text          0x0000007e        0x4 C:/Program Files (x86)/Atmel/Studio/7.0/Packs/atmel/ATmega_DFP/1.2.209/gcc/dev/atmega32a/avr5/crtatmega32a.o
                0x0000007e                __vector_1
                0x0000007e                __vector_12
                0x0000007e                __bad_interrupt
                0x0000007e                __vector_6
                0x0000007e                __vector_3
                0x0000007e                __vector_11
                0x0000007e                __vector_13
                0x0000007e                __vector_17
                0x0000007e                __vector_19
                0x0000007e                __vector_7
                0x0000007e                __vector_5
                0x0000007e                __vector_4
                0x0000007e                __vector_9
                0x0000007e                __vector_2
                0x0000007e                __vector_15
                0x0000007e                __vector_8
                0x0000007e                __vector_14
                0x0000007e                __vector_10
                0x0000007e                __vector_16
                0x0000007e                __vector_18
                0x0000007e                __vector_20
                0x00000082                . = ALIGN (0x2)
 *(.text.*)
 .text.CheckBit
                0x00000082       0x48 HAL/LCD/LCD.o
                0x00000082                CheckBit
 .text.LCD_Write_Upper
                0x000000ca       0x40 HAL/LCD/LCD.o
                0x000000ca                LCD_Write_Upper
 .text.LCD_Write_Lower
                0x0000010a       0x46 HAL/LCD/LCD.o
                0x0000010a                LCD_Write_Lower
 .text.LCD_RS_Command
                0x00000150       0x10 HAL/LCD/LCD.o
                0x00000150                LCD_RS_Command
 .text.LCD_RS_Reg
                0x00000160       0x10 HAL/LCD/LCD.o
                0x00000160                LCD_RS_Reg
 .text.LCD_Write_Operation
                0x00000170       0x10 HAL/LCD/LCD.o
                0x00000170                LCD_Write_Operation
 .text.LCD_Enable
                0x00000180       0x10 HAL/LCD/LCD.o
                0x00000180                LCD_Enable
 .text.LCD_Disable
                0x00000190       0x10 HAL/LCD/LCD.o
                0x00000190                LCD_Disable
 .text.LCD_Command
                0x000001a0       0x40 HAL/LCD/LCD.o
                0x000001a0                LCD_Command
 .text.LCD_Char
                0x000001e0       0x40 HAL/LCD/LCD.o
                0x000001e0                LCD_Char
 .text.LCD_Init
                0x00000220       0x2e HAL/LCD/LCD.o
                0x00000220                LCD_Init
 .text.LCD_String
                0x0000024e       0x1e HAL/LCD/LCD.o
                0x0000024e                LCD_String
 .text.LCD_String_xy
                0x0000026c       0x38 HAL/LCD/LCD.o
                0x0000026c                LCD_String_xy
 .text.LCD_Clear
                0x000002a4        0x8 HAL/LCD/LCD.o
                0x000002a4                LCD_Clear
 .text.main     0x000002ac       0x1c main.o
                0x000002ac                main
 .text.display_Welcome_once
                0x000002c8       0x36 Manager/LCDManager/LCD_Manager.o
                0x000002c8                display_Welcome_once
 .text.idle_screen
                0x000002fe       0x30 Manager/LCDManager/LCD_Manager.o
                0x000002fe                idle_screen
 .text.write_Set_Temp
                0x0000032e       0x66 Manager/LCDManager/LCD_Manager.o
                0x0000032e                write_Set_Temp
 .text.display_Welcome_screen
                0x00000394       0x44 Manager/LCDManager/LCD_Manager.o
                0x00000394                display_Welcome_screen
 .text.DIO_Init
                0x000003d8       0x76 MCAL/DIO/DIO.o
                0x000003d8                DIO_Init
 .text.DIO_ChannelWrite
                0x0000044e       0x40 MCAL/DIO/DIO.o
                0x0000044e                DIO_ChannelWrite
                0x0000048e                . = ALIGN (0x2)
 *(.fini9)
 .fini9         0x0000048e        0x0 c:/program files (x86)/atmel/studio/7.0/toolchain/avr8/avr8-gnu-toolchain/bin/../lib/gcc/avr/5.4.0/avr5\libgcc.a(_exit.o)
                0x0000048e                _exit
                0x0000048e                exit
 *(.fini9)
 *(.fini8)
 *(.fini8)
 *(.fini7)
 *(.fini7)
 *(.fini6)
 *(.fini6)
 *(.fini5)
 *(.fini5)
 *(.fini4)
 *(.fini4)
 *(.fini3)
 *(.fini3)
 *(.fini2)
 *(.fini2)
 *(.fini1)
 *(.fini1)
 *(.fini0)
 .fini0         0x0000048e        0x4 c:/program files (x86)/atmel/studio/7.0/toolchain/avr8/avr8-gnu-toolchain/bin/../lib/gcc/avr/5.4.0/avr5\libgcc.a(_exit.o)
 *(.fini0)
                0x00000492                _etext = .

.data           0x00800060       0xc2 load address 0x00000492
                0x00800060                PROVIDE (__data_start, .)
 *(.data)
 *(.data*)
 .data.numbers  0x00800060        0xa Manager/LCDManager/LCD_Manager.o
                0x00800060                numbers
 *(.gnu.linkonce.d*)
 *(.rodata)
 *(.rodata*)
 .rodata.LCD_ConfigParam
                0x0080006a        0xd HAL/LCD/LCD_Cfg.o
                0x0080006a                LCD_ConfigParam
 .rodata.str1.1
                0x00800077       0x46 Manager/LCDManager/LCD_Manager.o
                                 0x51 (size before relaxing)
 .rodata.PortBaseAddresses
                0x008000bd        0x4 MCAL/DIO/DIO.o
                0x008000bd                PortBaseAddresses
 .rodata.DIO_ConfigParam
                0x008000c1       0x60 MCAL/DIO/DIO_Cfg.o
                0x008000c1                DIO_ConfigParam
 *(.gnu.linkonce.r*)
                0x00800122                . = ALIGN (0x2)
 *fill*         0x00800121        0x1 
                0x00800122                _edata = .
                0x00800122                PROVIDE (__data_end, .)

.bss            0x00800122        0x0
                [!provide]                PROVIDE (__bss_start, .)
 *(.bss)
 *(.bss*)
 *(COMMON)
                [!provide]                PROVIDE (__bss_end, .)
                0x00000492                __data_load_start = LOADADDR (.data)
                0x00000554                __data_load_end = (__data_load_start + SIZEOF (.data))

.noinit         0x00800122        0x0
                [!provide]                PROVIDE (__noinit_start, .)
 *(.noinit*)
                [!provide]                PROVIDE (__noinit_end, .)
                0x00800122                _end = .
                [!provide]                PROVIDE (__heap_start, .)

.eeprom         0x00810000        0x0
 *(.eeprom*)
                0x00810000                __eeprom_end = .

.fuse
 *(.fuse)
 *(.lfuse)
 *(.hfuse)
 *(.efuse)

.lock
 *(.lock*)

.signature
 *(.signature*)

.user_signatures
 *(.user_signatures*)

.stab
 *(.stab)

.stabstr
 *(.stabstr)

.stab.excl
 *(.stab.excl)

.stab.exclstr
 *(.stab.exclstr)

.stab.index
 *(.stab.index)

.stab.indexstr
 *(.stab.indexstr)

.comment        0x00000000       0x30
 *(.comment)
 .comment       0x00000000       0x30 HAL/LCD/LCD.o
                                 0x31 (size before relaxing)
 .comment       0x00000030       0x31 HAL/LCD/LCD_Cfg.o
 .comment       0x00000030       0x31 main.o
 .comment       0x00000030       0x31 Manager/LCDManager/LCD_Manager.o
 .comment       0x00000030       0x31 MCAL/DIO/DIO.o
 .comment       0x00000030       0x31 MCAL/DIO/DIO_Cfg.o

.note.gnu.avr.deviceinfo
                0x00000000       0x3c
 .note.gnu.avr.deviceinfo
                0x00000000       0x3c C:/Program Files (x86)/Atmel/Studio/7.0/Packs/atmel/ATmega_DFP/1.2.209/gcc/dev/atmega32a/avr5/crtatmega32a.o

.note.gnu.build-id
 *(.note.gnu.build-id)

.debug
 *(.debug)

.line
 *(.line)

.debug_srcinfo
 *(.debug_srcinfo)

.debug_sfnames
 *(.debug_sfnames)

.debug_aranges  0x00000000      0x190
 *(.debug_aranges)
 .debug_aranges
                0x00000000       0xa8 HAL/LCD/LCD.o
 .debug_aranges
                0x000000a8       0x18 HAL/LCD/LCD_Cfg.o
 .debug_aranges
                0x000000c0       0x20 main.o
 .debug_aranges
                0x000000e0       0x48 Manager/LCDManager/LCD_Manager.o
 .debug_aranges
                0x00000128       0x50 MCAL/DIO/DIO.o
 .debug_aranges
                0x00000178       0x18 MCAL/DIO/DIO_Cfg.o

.debug_pubnames
 *(.debug_pubnames)

.debug_info     0x00000000     0x1bce
 *(.debug_info .gnu.linkonce.wi.*)
 .debug_info    0x00000000      0x4e6 C:/Program Files (x86)/Atmel/Studio/7.0/Packs/atmel/ATmega_DFP/1.2.209/gcc/dev/atmega32a/avr5/crtatmega32a.o
 .debug_info    0x000004e6      0xb56 HAL/LCD/LCD.o
 .debug_info    0x0000103c       0xf7 HAL/LCD/LCD_Cfg.o
 .debug_info    0x00001133      0x112 main.o
 .debug_info    0x00001245      0x59c Manager/LCDManager/LCD_Manager.o
 .debug_info    0x000017e1      0x351 MCAL/DIO/DIO.o
 .debug_info    0x00001b32       0x9c MCAL/DIO/DIO_Cfg.o

.debug_abbrev   0x00000000      0xb53
 *(.debug_abbrev)
 .debug_abbrev  0x00000000      0x4a3 C:/Program Files (x86)/Atmel/Studio/7.0/Packs/atmel/ATmega_DFP/1.2.209/gcc/dev/atmega32a/avr5/crtatmega32a.o
 .debug_abbrev  0x000004a3      0x253 HAL/LCD/LCD.o
 .debug_abbrev  0x000006f6       0x79 HAL/LCD/LCD_Cfg.o
 .debug_abbrev  0x0000076f       0xa4 main.o
 .debug_abbrev  0x00000813      0x1c5 Manager/LCDManager/LCD_Manager.o
 .debug_abbrev  0x000009d8      0x10d MCAL/DIO/DIO.o
 .debug_abbrev  0x00000ae5       0x6e MCAL/DIO/DIO_Cfg.o

.debug_line     0x00000000      0xbd8
 *(.debug_line .debug_line.* .debug_line_end)
 .debug_line    0x00000000      0x115 C:/Program Files (x86)/Atmel/Studio/7.0/Packs/atmel/ATmega_DFP/1.2.209/gcc/dev/atmega32a/avr5/crtatmega32a.o
 .debug_line    0x00000115      0x50e HAL/LCD/LCD.o
 .debug_line    0x00000623       0x50 HAL/LCD/LCD_Cfg.o
 .debug_line    0x00000673       0x8c main.o
 .debug_line    0x000006ff      0x282 Manager/LCDManager/LCD_Manager.o
 .debug_line    0x00000981      0x217 MCAL/DIO/DIO.o
 .debug_line    0x00000b98       0x40 MCAL/DIO/DIO_Cfg.o

.debug_frame    0x00000000      0x33c
 *(.debug_frame)
 .debug_frame   0x00000000      0x1cc HAL/LCD/LCD.o
 .debug_frame   0x000001cc       0x24 main.o
 .debug_frame   0x000001f0       0xbc Manager/LCDManager/LCD_Manager.o
 .debug_frame   0x000002ac       0x90 MCAL/DIO/DIO.o

.debug_str      0x00000000      0x717
 *(.debug_str)
 .debug_str     0x00000000      0x196 C:/Program Files (x86)/Atmel/Studio/7.0/Packs/atmel/ATmega_DFP/1.2.209/gcc/dev/atmega32a/avr5/crtatmega32a.o
 .debug_str     0x00000196      0x3b9 HAL/LCD/LCD.o
                                0x3f2 (size before relaxing)
 .debug_str     0x0000054f       0x15 HAL/LCD/LCD_Cfg.o
                                0x1f4 (size before relaxing)
 .debug_str     0x00000564       0x28 main.o
                                0x1ad (size before relaxing)
 .debug_str     0x0000058c       0xdf Manager/LCDManager/LCD_Manager.o
                                0x2ff (size before relaxing)
 .debug_str     0x0000066b       0x96 MCAL/DIO/DIO.o
                                0x27d (size before relaxing)
 .debug_str     0x00000701       0x16 MCAL/DIO/DIO_Cfg.o
                                0x16c (size before relaxing)

.debug_loc      0x00000000      0xdba
 *(.debug_loc)
 .debug_loc     0x00000000      0x78b HAL/LCD/LCD.o
 .debug_loc     0x0000078b      0x34f Manager/LCDManager/LCD_Manager.o
 .debug_loc     0x00000ada      0x2e0 MCAL/DIO/DIO.o

.debug_macinfo
 *(.debug_macinfo)

.debug_weaknames
 *(.debug_weaknames)

.debug_funcnames
 *(.debug_funcnames)

.debug_typenames
 *(.debug_typenames)

.debug_varnames
 *(.debug_varnames)

.debug_pubtypes
 *(.debug_pubtypes)

.debug_ranges   0x00000000      0x120
 *(.debug_ranges)
 .debug_ranges  0x00000000       0x98 HAL/LCD/LCD.o
 .debug_ranges  0x00000098       0x10 main.o
 .debug_ranges  0x000000a8       0x38 Manager/LCDManager/LCD_Manager.o
 .debug_ranges  0x000000e0       0x40 MCAL/DIO/DIO.o

.debug_macro
 *(.debug_macro)
OUTPUT(Embedded_Final_Project.elf elf32-avr)
LOAD linker stubs
